#!/bin/bash

1) Network bands

i) hub
ii) Bridge
iii) switch 
iv) router
v) modem

types iof networks

PAN ( Personal area network )
LAN ( Local area network )	
MAN ( Metropoliton area network )
WAN ( Wide area network ) 


=> Network topologies

Mesh topology
Bus topology
Star topology
Tree tolpology
Ring topology
Hybrid topology

=> ARP Protocol
ARP makes use of Mac address
Works in local area network


How 2 devicess Talk

Device 1 				Devive 2

Mac Add	( Private )			Mac Add ( Private )
IP  Add	( Public )			IP  Add ( Public )


Mac Add ( Used in Layer 2 for direct communication )
Ip  Add ( Used in Layer 3 for Passing data over internet using Ip address)


Important Things for communicating : 




==============================================

=> IP Address





















